Booting Linux on physical CPU 0
Initializing cgroup subsys cpu
Linux version 3.3.0 (root@michael-desktop) (gcc version 4.6.4 20120303 (prerelease) (GCC) ) #132 Sun Aug 18 17:02:50 CEST 2013
CPU: ARM926EJ-S [41069265] revision 5 (ARMv5TEJ), cr=00053177
CPU: VIVT data cache, VIVT instruction cache
Machine: NXP EA313X
Memory policy: ECC disabled, Data cache writeback
On node 0 totalpages: 8192
free_area_init_node: node 0, pgdat c0b37a88, node_mem_map c0b49000
  Normal zone: 64 pages used for memmap
  Normal zone: 0 pages reserved
  Normal zone: 8128 pages, LIFO batch:0
pcpu-alloc: s0 r0 d32768 u32768 alloc=1*32768
pcpu-alloc: [0] 0 
Built 1 zonelists in Zone order, mobility grouping on.  Total pages: 8128
Kernel command line: console=ttyS0,115200n8 root=/dev/mmcblk0p1 rw rootwait
PID hash table entries: 128 (order: -3, 512 bytes)
Dentry cache hash table entries: 4096 (order: 2, 16384 bytes)
Inode-cache hash table entries: 2048 (order: 1, 8192 bytes)
Memory: 32MB = 32MB total
Memory: 20856k/20856k available, 11912k reserved, 0K highmem
Virtual kernel memory layout:
    vector  : 0xffff0000 - 0xffff1000   (   4 kB)
    fixmap  : 0xfff00000 - 0xfffe0000   ( 896 kB)
    vmalloc : 0xc2800000 - 0xff000000   ( 968 MB)
    lowmem  : 0xc0000000 - 0xc2000000   (  32 MB)
    modules : 0xbf000000 - 0xc0000000   (  16 MB)
      .text : 0xc0008000 - 0xc02f2d54   (2988 kB)
      .init : 0xc02f3000 - 0xc0b15000   (8328 kB)
      .data : 0xc0b16000 - 0xc0b38120   ( 137 kB)
       .bss : 0xc0b38144 - 0xc0b481bc   (  65 kB)
NR_IRQS:41
irq=30 Event=0x67 bank:3 bit:7 type:3
irq=31 Event=0x7a bank:3 bit:26 type:2
irq=32 Event=0x77 bank:3 bit:23 type:2
irq=33 Event=0x7b bank:3 bit:27 type:0
irq=34 Event=0x3d bank:1 bit:29 type:2
irq=35 Event=0x5d bank:2 bit:29 type:0
irq=36 Event=0x3f bank:1 bit:31 type:0
irq=37 Event=0x18 bank:0 bit:24 type:1
irq=38 Event=0x17 bank:0 bit:23 type:0
irq=39 Event=0x55 bank:2 bit:21 type:0
irq=40 Event=0x33 bank:1 bit:19 type:1
Console: colour dummy device 80x30
console [ttyS0] enabled
Calibrating delay loop... 134.14 BogoMIPS (lpj=268288)
pid_max: default: 32768 minimum: 301
Mount-cache hash table entries: 512
Initializing cgroup subsys blkio
CPU: Testing write buffer coherency: ok
Setting up static identity map for 0x3022a3f0 - 0x3022a42c
devtmpfs: initialized
NET: Registered protocol family 16
cgu_init pll set at 270000000
gpiochip_add: registered GPIOs 0 to 20 on device: GPIO
gpiochip_add: registered GPIOs 21 to 52 on device: EBI_MCI
gpiochip_add: registered GPIOs 53 to 62 on device: EBI_I2STX_0
gpiochip_add: registered GPIOs 63 to 63 on device: CGU
gpiochip_add: registered GPIOs 64 to 66 on device: I2SRX_0
gpiochip_add: registered GPIOs 67 to 69 on device: I2SRX_1
gpiochip_add: registered GPIOs 70 to 73 on device: I2STX_1
gpiochip_add: registered GPIOs 74 to 89 on device: EBI
gpiochip_add: registered GPIOs 90 to 91 on device: I2C1
gpiochip_add: registered GPIOs 92 to 96 on device: SPI
gpiochip_add: registered GPIOs 97 to 100 on device: NAND_CTRL
gpiochip_add: registered GPIOs 101 to 101 on device: PWM
gpiochip_add: registered GPIOs 102 to 103 on device: UART
Registering USB gadget 0x00000d20 0x0e400004 (3)
bio: create slab <bio-0> at 0
SCSI subsystem initialized
usbcore: registered new interface driver usbfs
usbcore: registered new interface driver hub
usbcore: registered new device driver usb
NET: Registered protocol family 2
IP route cache hash table entries: 1024 (order: 0, 4096 bytes)
TCP established hash table entries: 1024 (order: 1, 8192 bytes)
TCP bind hash table entries: 1024 (order: 0, 4096 bytes)
TCP: Hash tables configured (established 1024 bind 1024)
TCP reno registered
UDP hash table entries: 256 (order: 0, 4096 bytes)
UDP-Lite hash table entries: 256 (order: 0, 4096 bytes)
NET: Registered protocol family 1
NetWinder Floating Point Emulator V0.97 (double precision)
msgmni has been set to 40
alg: No test for stdrng (krng)
io scheduler noop registered
io scheduler deadline registered (default)
Serial: 8250/16550 driver, 1 ports, IRQ sharing disabled
serial8250: ttyS0 at MMIO 0x15001000 (irq = 10) is a NXP16750
serial8250.0: ttyS0 at MMIO 0x15001000 (irq = 10) is a NXP16750
brd: module loaded
loop: module loaded
[lpc313x adc] driver loaded with major 253
[lpc313x adc] >> $ mknod /dev/lpc313x_adc c 253 0
ehci_hcd: USB 2.0 'Enhanced' Host Controller (EHCI) Driver
Freescale High-Speed USB SOC Device Controller driver (Apr 20, 2007)
i2c /dev entries driver
device-mapper: ioctl: 4.22.0-ioctl (2011-10-19) initialised: dm-devel@redhat.com
lpc313x_mmc lpc313x_mmc.0: LPC313x MMC controller at irq 26
Registered led device: picosafe::blue
TCP cubic registered
NET: Registered protocol family 10
IPv6 over IPv4 tunneling driver
NET: Registered protocol family 17
drivers/rtc/hctosys.c: unable to open rtc device (rtc0)
Freeing init memory: 8328K
mmc0: new SDHC card at address e624
mmcblk0: mmc0:e624 SU04G 3.69 GiB 
 mmcblk0: p1 p2 p3 p4
kjournald starting.  Commit interval 5 seconds
EXT3-fs (mmcblk0p1): using internal journal
EXT3-fs (mmcblk0p1): mounted filesystem with writeback data mode
g_multi gadget: using random self ethernet address
g_multi gadget: using random host ethernet address
usb0: MAC 2e:78:cb:1c:20:15
usb0: HOST MAC be:34:eb:23:40:4a
g_multi gadget: Mass Storage Function, version: 2009/09/11
g_multi gadget: Number of LUNs=8
 lun0: LUN: removable file: (no medium)
 lun1: LUN: removable file: (no medium)
 lun2: LUN: removable file: (no medium)
 lun3: LUN: removable file: (no medium)
 lun4: LUN: removable file: (no medium)
 lun5: LUN: removable file: (no medium)
 lun6: LUN: removable file: (no medium)
 lun7: LUN: removable file: (no medium)
g_multi gadget: Multifunction Composite Gadget
g_multi gadget: g_multi ready
fsl-usb2-udc: bind to driver g_multi
ADDRCONF(NETDEV_UP): usb0: link is not ready
g_multi gadget: high-speed config #2: Multifunction with CDC ECM
ADDRCONF(NETDEV_CHANGE): usb0: link becomes ready
usb0: no IPv6 routers present
kjournald starting.  Commit interval 5 seconds
EXT3-fs (dm-0): using internal journal
EXT3-fs (dm-0): mounted filesystem with writeback data mode
EXT3-fs (dm-0): using internal journal
